../Core/Src/main.c:79:10:MAP	24	static
../Core/Src/main.c:85:6:delay_us	16	static
../Core/Src/main.c:91:6:modeSoftStart	8	static
../Core/Src/main.c:115:6:modeDOL	8	static
../Core/Src/main.c:122:6:EXTI_Stop	8	static
../Core/Src/main.c:134:5:main	8	static
../Core/Src/main.c:200:6:SystemClock_Config	88	static
../Core/Src/main.c:243:13:MX_I2C1_Init	8	static
../Core/Src/main.c:275:13:MX_TIM1_Init	32	static
../Core/Src/main.c:318:13:MX_TIM2_Init	32	static
../Core/Src/main.c:360:13:MX_USART1_UART_Init	8	static
../Core/Src/main.c:391:13:MX_GPIO_Init	40	static
../Core/Src/main.c:441:6:HAL_TIM_PeriodElapsedCallback	24	static
../Core/Src/main.c:451:6:HAL_GPIO_EXTI_Callback	16	static
../Core/Src/main.c:525:6:Error_Handler	4	static,ignoring_inline_asm
