../Core/Src/main.c:87:10:MAP	24	static
../Core/Src/main.c:93:6:delay_us	16	static
../Core/Src/main.c:99:6:modeSoftStart	8	static
../Core/Src/main.c:123:6:modeDOL	8	static
../Core/Src/main.c:130:6:EXTI_Stop	8	static
../Core/Src/main.c:142:5:main	104	static
../Core/Src/main.c:244:6:SystemClock_Config	88	static
../Core/Src/main.c:287:13:MX_I2C1_Init	8	static
../Core/Src/main.c:319:13:MX_TIM1_Init	32	static
../Core/Src/main.c:362:13:MX_TIM2_Init	32	static
../Core/Src/main.c:404:13:MX_USART1_UART_Init	8	static
../Core/Src/main.c:435:13:MX_GPIO_Init	40	static
../Core/Src/main.c:509:6:PhaseATask	24	static
../Core/Src/main.c:529:6:PhaseBTask	24	static
../Core/Src/main.c:555:6:StartDefaultTask	24	static
../Core/Src/main.c:580:6:HAL_TIM_PeriodElapsedCallback	24	static
../Core/Src/main.c:604:6:Error_Handler	4	static,ignoring_inline_asm
